MSG:1005,0,1,"MakeMKV v1.18.4 linux(x64-release) started","%1 started","MakeMKV v1.18.4 linux(x64-release)"
PRGT:5018,0,"Scanning CD-ROM devices"
PRGC:5018,0,"Scanning CD-ROM devices"
PRGV:0,0,65536
PRGV:0,0,65536
PRGV:65536,0,65536
PRGV:65536,65536,65536
DRV:0,0,999,0,"BD-RE ASUS BW-16D1HT 3.02 EXAMPLE00001","","/dev/sr8"
DRV:1,256,999,0,"","",""
DRV:2,256,999,0,"","",""
DRV:3,256,999,0,"","",""
DRV:4,256,999,0,"","",""
DRV:5,256,999,0,"","",""
DRV:6,256,999,0,"","",""
DRV:7,256,999,0,"","",""
DRV:8,256,999,0,"","",""
DRV:9,256,999,0,"","",""
DRV:10,256,999,0,"","",""
DRV:11,256,999,0,"","",""
DRV:12,256,999,0,"","",""
DRV:13,256,999,0,"","",""
DRV:14,256,999,0,"","",""
DRV:15,256,999,0,"","",""
PRGV:0,65536,65536
PRGV:0,0,65536
MSG:1011,0,1,"Using LibreDrive mode (v06.3 id=96929CF53B04)","%1","Using LibreDrive mode (v06.3 id=96929CF53B04)"
MSG:2003,0,3,"Error 'Scsi error - ILLEGAL REQUEST:READ OF SCRAMBLED SECTOR WITHOUT AUTHENTICATION' occurred while reading 'BD-RE ASUS BW-16D1HT 3.02 EXAMPLE00001' at offset '1048576'","Error '%1' occurred while reading '%2' at offset '%3'","Scsi error - ILLEGAL REQUEST:READ OF SCRAMBLED SECTOR WITHOUT AUTHENTICATION","BD-RE ASUS BW-16D1HT 3.02 EXAMPLE00001","1048576"
MSG:5072,131072,1,"Backing up disc into folder \"file:///media/Disc-Rips/.rip-deck-incomplete-00000000-0000-4000-8000-000000000000\"","Backing up disc into folder \"%1\"","file:///media/Disc-Rips/.rip-deck-incomplete-00000000-0000-4000-8000-000000000000"
PRGT:5047,0,"Copying all files"
PRGC:3102,0,"Processing title sets"
PRGV:0,0,65536
PRGV:0,0,65536
PRGV:4096,0,65536
PRGV:8192,0,65536
PRGV:12288,0,65536
PRGV:16384,0,65536
PRGV:20480,0,65536
PRGV:24576,0,65536
PRGV:28672,0,65536
PRGV:32768,0,65536
PRGV:36864,0,65536
PRGV:40960,0,65536
PRGV:45056,0,65536
PRGV:49152,0,65536
PRGV:53248,0,65536
PRGV:57344,0,65536
PRGV:61440,0,65536
PRGC:3120,1,"Scanning contents"
PRGV:0,0,65536
PRGV:655,0,65536
PRGV:3276,0,65536
PRGV:3932,0,65536
PRGC:5046,0,"Copying file"
PRGV:0,0,65536
PRGV:1,0,65536
PRGV:1,1,65536
PRGV:2,1,65536
PRGV:2,3,65536
PRGV:3,3,65536
PRGV:3,4,65536
PRGV:65528,65525,65536
PRGV:65528,65526,65536
PRGV:65530,65526,65536
PRGV:65530,65528,65536
PRGV:65532,65528,65536
PRGV:65532,65529,65536
PRGV:65533,65529,65536
PRGV:65533,65531,65536
PRGV:65535,65531,65536
PRGV:65535,65533,65536
MSG:5070,128,0,"Backup done","Backup done"
MSG:5081,260,0,"Backup done.","Backup done."
